>ToolTip;NotComment
#^^^^^^^ source.ahk support.function.ahk
#       ^ source.ahk
#        ^^^^^^^^^^ source.ahk variable.def.ahk
>ToolTip ;Comment
#^^^^^^^ source.ahk support.function.ahk
#       ^ source.ahk
#        ^ source.ahk comment.line.semicolon.ahk punctuation.definition.comment.ahk
#         ^^^^^^^ source.ahk comment.line.semicolon.ahk
>