>; [Issue #357](https://github.com/mark-wiemer/vscode-autohotkey-plus-plus/issues/357)
#^ source.ahk comment.line.semicolon.ahk punctuation.definition.comment.ahk
# ^^^^^^^^^^^^^^^^^^^^^^^^^^^^^^^^^^^^^^^^^^^^^^^^^^^^^^^^^^^^^^^^^^^^^^^^^^^^^^^^^^^^ source.ahk comment.line.semicolon.ahk
>; Test::Comment
#^ source.ahk comment.line.semicolon.ahk punctuation.definition.comment.ahk
# ^^^^^^^^^^^^^^ source.ahk comment.line.semicolon.ahk
>    ; Test::Comment
#^^^^ source.ahk comment.line.semicolon.ahk
#    ^ source.ahk comment.line.semicolon.ahk punctuation.definition.comment.ahk
#     ^^^^^^^^^^^^^^ source.ahk comment.line.semicolon.ahk
>